HINOKO_0_1_0 {
  global:
    "hinoko_fw_iso_ctx_mode_get_type";
    "hinoko_fw_scode_get_type";
    "hinoko_fw_iso_ctx_match_flag_get_type";

    "hinoko_fw_iso_ctx_get_type";
    "hinoko_fw_iso_ctx_get_cycle_timer";
    "hinoko_fw_iso_ctx_create_source";

    "hinoko_fw_iso_rx_single_get_type";
    "hinoko_fw_iso_rx_single_new";
    "hinoko_fw_iso_rx_single_allocate";
    "hinoko_fw_iso_rx_single_release";
    "hinoko_fw_iso_rx_single_map_buffer";
    "hinoko_fw_iso_rx_single_unmap_buffer";
    "hinoko_fw_iso_rx_single_start";
    "hinoko_fw_iso_rx_single_stop";
    "hinoko_sigs_marshal_VOID__UINT_UINT_POINTER_UINT_UINT";
    "hinoko_fw_iso_rx_single_get_payload";

    "hinoko_fw_iso_rx_multiple_get_type";
    "hinoko_fw_iso_rx_multiple_new";
    "hinoko_fw_iso_rx_multiple_allocate";
    "hinoko_fw_iso_rx_multiple_release";
    "hinoko_fw_iso_rx_multiple_map_buffer";
    "hinoko_fw_iso_rx_multiple_unmap_buffer";
    "hinoko_fw_iso_rx_multiple_start";
    "hinoko_fw_iso_rx_multiple_stop";
    "hinoko_fw_iso_rx_multiple_get_payload";

    "hinoko_fw_iso_tx_get_type";
    "hinoko_fw_iso_tx_new";
    "hinoko_fw_iso_tx_allocate";
    "hinoko_fw_iso_tx_release";
    "hinoko_fw_iso_tx_map_buffer";
    "hinoko_fw_iso_tx_unmap_buffer";
    "hinoko_fw_iso_tx_start";
    "hinoko_fw_iso_tx_stop";
    "hinoko_fw_iso_tx_register_packet";
  local:
    *;
};

HINOKO_0_3_0 {
  global:
    "hinoko_system_clock_id_get_type";

    "hinoko_cycle_timer_get_type";
    "hinoko_cycle_timer_new";
    "hinoko_cycle_timer_get_timestamp";
    "hinoko_cycle_timer_get_clock_id";
    "hinoko_cycle_timer_get_cycle_timer";
} HINOKO_0_1_0;

HINOKO_0_4_0 {
  global:
    "hinoko_fw_iso_resource_get_type";
    "hinoko_fw_iso_resource_new";
    "hinoko_fw_iso_resource_open";
    "hinoko_fw_iso_resource_create_source";
    "hinoko_fw_iso_resource_calculate_bandwidth";
    "hinoko_fw_iso_resource_allocate_once_async";
    "hinoko_fw_iso_resource_deallocate_once_async";
    "hinoko_fw_iso_resource_allocate_once_sync";
    "hinoko_fw_iso_resource_deallocate_once_sync";

    "hinoko_fw_iso_resource_auto_get_type";
    "hinoko_fw_iso_resource_auto_new";
} HINOKO_0_3_0;
